
> side-quest@0.1.0 test:e2e
> playwright test --workers=1 --retries=0 --max-failures=1


Running 182 tests using 1 worker

(node:89618) Warning: The 'NO_COLOR' env is ignored due to the 'FORCE_COLOR' env being set.
(Use `node --trace-warnings ...` to show where the warning was created)
  ✓    1 [chromium] › tests/browser/dialogs.spec.ts:26:1 › dialog enter and exit share the motion tokens (681ms)
  ✓    2 [chromium] › tests/browser/dialogs.spec.ts:55:1 › install pill and dialog close icon are optically centered (988ms)
  ✓    3 [chromium] › tests/browser/dialogs.spec.ts:110:1 › an exiting dialog is inert and cannot trigger its controls (633ms)
  ✓    4 [chromium] › tests/browser/dialogs.spec.ts:133:1 › Escape closes the menu and restores focus to its opener (637ms)
  ✓    5 [chromium] › tests/browser/dialogs.spec.ts:152:1 › menu → Previous card → Back to game returns to play (1.1s)
  ✓    6 [chromium] › tests/browser/dialogs.spec.ts:169:1 › @release cancelling End game keeps the active session (1.3s)
  ✓    7 [chromium] › tests/browser/dialogs.spec.ts:189:1 › a dialog can be reopened after it fully closes (1.2s)
  ✓    8 [chromium] › tests/browser/dialogs.spec.ts:202:1 › reduced motion still opens and closes dialogs (375ms)
chromium 0 startup ms 46
  ✓    9 [chromium] › tests/browser/dice.spec.ts:36:3 › dice overlay renders saved 2d6 faces over the card (3.8s)
chromium 1 startup ms 23
  ✓   10 [chromium] › tests/browser/dice.spec.ts:36:3 › dice overlay renders saved d20 faces over the card (4.1s)
  ✓   11 [chromium] › tests/browser/dice.spec.ts:98:1 › @release a restored unrolled dice card rolls by tapping the card (3.2s)
roll ms 1597, 2064, 1531, 1531, 1764, 2580
  ✓   12 [chromium] › tests/browser/dice.spec.ts:119:1 › repeated rolls settle, never fall back, and are never a weak plop (19.5s)
  ✓   13 [chromium] › tests/browser/dice.spec.ts:154:1 › reload and reduced motion reveal a saved result without replay (416ms)
  ✓   14 [chromium] › tests/browser/dice.spec.ts:171:1 › dragging the resolved rules does not discard (422ms)
  ✓   15 [chromium] › tests/browser/dice.spec.ts:192:1 › @release a second tap finishes the moving dice, then reveals the bold amount (3.0s)
  ✓   16 [chromium] › tests/browser/dice.spec.ts:246:1 › Escape finishes the throw and reveals without changing the saved faces (1.9s)
  ✓   17 [chromium] › tests/browser/dice.spec.ts:260:1 › offline dice roll and relaunch preserve result (4.0s)
  ✓   18 [chromium] › tests/browser/dice.spec.ts:291:1 › WebGL failure immediately reveals the saved result (380ms)
  ✓   19 [chromium] › tests/browser/dice.spec.ts:313:1 › a WebGL context lost before the roll is rebuilt and still thrown (2.7s)
  ✓   20 [chromium] › tests/browser/dice.spec.ts:334:1 › resize interruption settles without another roll (356ms)
  ✓   21 [chromium] › tests/browser/dice.spec.ts:347:1 › backgrounding stops animation and preserves the saved outcome (294ms)
  ✓   22 [chromium] › tests/browser/dice.spec.ts:368:1 › legacy cursed-number saves show the number in the rule without a Rolled heading (311ms)
  ✓   23 [chromium] › tests/browser/dice.spec.ts:400:1 › resolved 1d20 through 4d6 summaries fit a small phone with enlarged text (688ms)
  ✓   24 [chromium] › tests/browser/dice.spec.ts:464:5 › viewport 320 › four dice stay visible and retain faces at 320px (3.3s)
  ✓   25 [chromium] › tests/browser/dice.spec.ts:464:5 › viewport 768 › four dice stay visible and retain faces at 768px (6.4s)
  ✓   26 [chromium] › tests/browser/dice.spec.ts:464:5 › viewport 1280 › four dice stay visible and retain faces at 1280px (7.2s)
  ✓   27 [chromium] › tests/browser/dice.spec.ts:529:1 › a finish request during lazy loading survives startup without another roll (2.0s)
  ✓   28 [chromium] › tests/browser/dice.spec.ts:580:3 › choice card offers both options on the card at 390x844 @release (6.1s)
  ✓   29 [chromium] › tests/browser/dice.spec.ts:580:3 › choice card offers both options on the card at 375x548 @release (5.5s)
  ✓   30 [chromium] › tests/browser/game.spec.ts:39:1 › @release legacy finite game, rapid taps, restore, previous card, replay and settings (6.3s)
  ✓   31 [chromium] › tests/browser/game.spec.ts:100:1 › three lengths and the quest modes appear, and every pack can be toggled (942ms)
  ✓   32 [chromium] › tests/browser/game.spec.ts:129:1 › Short and Infinite create the advertised limits (1.7s)
  ✓   33 [chromium] › tests/browser/game.spec.ts:156:1 › corrupt save recovery (239ms)
  ✓   34 [chromium] › tests/browser/game.spec.ts:166:1 › storage failure still allows play (1.4s)
  ✓   35 [chromium] › tests/browser/game.spec.ts:179:1 › portrait phone, iPad, and large text retain readable rules (7.7s)
  ✓   36 [chromium] › tests/browser/game.spec.ts:215:1 › reduced motion and keyboard play (257ms)
  ✓   37 [chromium] › tests/browser/game.spec.ts:234:1 › offline reload keeps the same revealed card (2.3s)
  ✓   38 [chromium] › tests/browser/game.spec.ts:266:1 › representative Core cards keep edge clearance and a 2:3 frame across device sizes (5.6s)
  ✓   39 [chromium] › tests/browser/game.spec.ts:356:1 › @release rules taps discard, while scrolling and cancelled gestures keep the card (645ms)
  ✓   40 [chromium] › tests/browser/game.spec.ts:452:1 › mode and add-ons persist while interruption restores a stable card (1.0s)
  ✓   41 [chromium] › tests/browser/game.spec.ts:490:1 › minimal interface and a real two-sided flip (1.9s)
  ✓   42 [chromium] › tests/browser/game.spec.ts:528:1 › legacy audio and atmosphere preferences are ignored and toggles are gone (1.1s)
  ✓   43 [chromium] › tests/browser/game.spec.ts:557:1 › canceled animations and backgrounding settle without additional draws (1.3s)
  ✓   44 [chromium] › tests/browser/game.spec.ts:593:1 › offline uses local Grenze and painted controls (741ms)
  ✓   45 [chromium] › tests/browser/game.spec.ts:627:1 › readable fallback when artwork fails and keyboard focus returns (1.9s)
  ✓   46 [chromium] › tests/browser/game.spec.ts:644:1 › a game saved before the rename to Side Quest resumes (348ms)
  ✓   47 [chromium] › tests/browser/layout.spec.ts:37:1 › @release Core instructions fit at 390x844 with ratio, pack mark and no CTA occlusion (491ms)
  ✓   48 [chromium] › tests/browser/layout.spec.ts:73:1 › card parchment stays plain without an icon lattice or tint (221ms)
  ✓   49 [chromium] › tests/browser/layout.spec.ts:84:1 › every pack seal stays inside the parchment at supported widths (2.7s)
  ✓   50 [chromium] › tests/browser/layout.spec.ts:139:1 › Previous Card owns the same 2:3 geometry as gameplay (659ms)
  ✓   51 [chromium] › tests/browser/layout.spec.ts:178:1 › @release the play screen fits a Safari tab at every phone height without scrolling (251ms)
  ✓   52 [chromium] › tests/browser/layout.spec.ts:218:1 › an iOS top inset keeps topbar controls below the status-bar frost (953ms)
  ✓   53 [chromium] › tests/browser/layout.spec.ts:287:1 › @release the installed app lays out at the full screen height and never scrolls the root (953ms)
  ✓   54 [chromium] › tests/browser/layout.spec.ts:360:1 › @release a short phone scrolls long rules with a visible overflow affordance (209ms)
  ✓   55 [chromium] › tests/browser/layout.spec.ts:377:1 › legacy artwork references keep their saved text on the shared ornate front (367ms)
  ✓   56 [chromium] › tests/browser/layout.spec.ts:396:1 › ornate surface loads as one complete frame (198ms)
  ✓   57 [chromium] › tests/browser/layout.spec.ts:410:1 › missing frame keeps readable leather and parchment fallback surfaces (253ms)
  ✓   58 [chromium] › tests/browser/motion.spec.ts:63:1 › the reveal turns through edge-on instead of presenting the front early (252ms)
  ✓   59 [chromium] › tests/browser/motion.spec.ts:107:1 › the lifted card owns its shadow and no decorative reveal glint remains (233ms)
  ✓   60 [chromium] › tests/browser/motion.spec.ts:132:1 › no decorative dice-ready border glow or glow keyframes survive (207ms)
  ✓   61 [chromium] › tests/browser/motion.spec.ts:165:1 › a press never offsets the card and never jumps on release (380ms)
  ✓   62 [chromium] › tests/browser/motion.spec.ts:196:1 › flip lands on the same transform as its resting state (775ms)
  ✓   63 [chromium] › tests/browser/motion.spec.ts:238:1 › returning a rolled card settles without a positional jump (568ms)
  ✓   64 [chromium] › tests/browser/motion.spec.ts:284:1 › discard never shifts the exposed under card between frames and handoff (4.3s)
  ✓   65 [chromium] › tests/browser/motion.spec.ts:320:1 › rapid taps during a reveal commit one action (224ms)
  ✓   66 [chromium] › tests/browser/motion.spec.ts:339:1 › dragging an overflowing title scrubs instead of discarding (334ms)
  ✓   67 [chromium] › tests/browser/motion.spec.ts:362:1 › hidden and turning cards never paint mirrored front content (648ms)
  ✓   68 [chromium] › tests/browser/motion.spec.ts:394:1 › hiding the tab stops the turn and resyncs the front on return (354ms)
  ✓   69 [chromium] › tests/browser/orientation.spec.ts:7:1 › @release mobile landscape blocks play without changing the saved game (1.9s)
  ✓   70 [chromium] › tests/browser/orientation.spec.ts:42:1 › rotation during a roll keeps its predetermined saved result (1.5s)
  ✓   71 [chromium] › tests/browser/orientation.spec.ts:92:1 › rotation over the pause menu restores that menu (1.4s)
  ✓   72 [chromium] › tests/browser/orientation.spec.ts:109:1 › iPadOS landscape stays playable, phones are still blocked, desktop is usable (467ms)
  ✓   73 [chromium] › tests/browser/pages.spec.ts:22:1 › @release Pages manifest, assets and production exclusion (197ms)
  ✓   74 [chromium] › tests/browser/pages.spec.ts:82:1 › a Home Screen web app hides Install but keeps the in-game menu (162ms)
  ✓   75 [chromium] › tests/browser/pages.spec.ts:110:1 › @release first screen waits for its painted art and fonts (1.6s)
  ✓   76 [chromium] › tests/browser/pages.spec.ts:137:1 › Play keeps a themed fallback if its painted border has not loaded (163ms)
  ✓   77 [chromium] › tests/browser/pages.spec.ts:158:1 › Core logo matches selection, card, pause legend and previous card (2.7s)
  ✓   78 [chromium] › tests/browser/quest.spec.ts:45:3 › @release the badge meter fills and deals the League at 320px (2.4s)
  ✓   79 [chromium] › tests/browser/quest.spec.ts:45:3 › @release the badge meter fills and deals the League at 390px (2.8s)
  ✓   80 [chromium] › tests/browser/quest.spec.ts:99:1 › @release Pokémon League is a mode that holds its pack on (904ms)
  ✓   81 [chromium] › tests/browser/quest.spec.ts:137:1 › a plain mode plays the Pokémon pack without a meter (529ms)
  ✓   82 [chromium] › tests/browser/quest.spec.ts:158:1 › the Elite Four count through the meter, and the Champion ends the run (1.0s)
  ✓   83 [chromium] › tests/browser/quest.spec.ts:229:1 › the badge case opens from the meter and names the leaders beaten (1.1s)
  ✓   84 [chromium] › tests/browser/quest.spec.ts:261:1 › @release beating the Champion opens the Hall of Fame (644ms)
  ✓   85 [chromium] › tests/browser/secondary.spec.ts:20:1 › unselected packs stay readable and selection is unambiguous (490ms)
  ✓   86 [chromium] › tests/browser/secondary.spec.ts:57:1 › the pack dialog carries no prose and closes on a tap outside it (496ms)
  ✓   87 [chromium] › tests/browser/secondary.spec.ts:73:1 › @release the pack count stays readable with every pack selected (739ms)
  ✓   88 [chromium] › tests/browser/secondary.spec.ts:101:1 › @release House and VIP are selectable add-ons and Core can be deselected (543ms)
  ✓   89 [chromium] › tests/browser/secondary.spec.ts:135:1 › the card is the only dice control and keeps a generous target (223ms)
  ✓   90 [chromium] › tests/browser/secondary.spec.ts:146:1 › dialog copy sits on a quiet panel surface (238ms)
  ✓   91 [chromium] › tests/browser/wakelock.spec.ts:3:1 › @release the screen stays awake only while a game is active (1.5s)
(node:89810) Warning: The 'NO_COLOR' env is ignored due to the 'FORCE_COLOR' env being set.
(Use `node --trace-warnings ...` to show where the warning was created)
  ✓   92 [webkit] › tests/browser/dialogs.spec.ts:26:1 › dialog enter and exit share the motion tokens (1.4s)
  ✓   93 [webkit] › tests/browser/dialogs.spec.ts:55:1 › install pill and dialog close icon are optically centered (1.5s)
  ✓   94 [webkit] › tests/browser/dialogs.spec.ts:110:1 › an exiting dialog is inert and cannot trigger its controls (738ms)
  ✓   95 [webkit] › tests/browser/dialogs.spec.ts:133:1 › Escape closes the menu and restores focus to its opener (687ms)
  ✓   96 [webkit] › tests/browser/dialogs.spec.ts:152:1 › menu → Previous card → Back to game returns to play (1.3s)
  ✓   97 [webkit] › tests/browser/dialogs.spec.ts:169:1 › @release cancelling End game keeps the active session (1.4s)
  ✓   98 [webkit] › tests/browser/dialogs.spec.ts:189:1 › a dialog can be reopened after it fully closes (1.3s)
  ✓   99 [webkit] › tests/browser/dialogs.spec.ts:202:1 › reduced motion still opens and closes dialogs (407ms)
webkit 0 startup ms 35
  ✓  100 [webkit] › tests/browser/dice.spec.ts:36:3 › dice overlay renders saved 2d6 faces over the card (3.8s)
webkit 1 startup ms 25
  ✓  101 [webkit] › tests/browser/dice.spec.ts:36:3 › dice overlay renders saved d20 faces over the card (3.8s)
  ✓  102 [webkit] › tests/browser/dice.spec.ts:98:1 › @release a restored unrolled dice card rolls by tapping the card (3.6s)
roll ms 1817, 2641, 1574, 2634, 2000, 1990
  ✓  103 [webkit] › tests/browser/dice.spec.ts:119:1 › repeated rolls settle, never fall back, and are never a weak plop (22.2s)
  ✓  104 [webkit] › tests/browser/dice.spec.ts:154:1 › reload and reduced motion reveal a saved result without replay (459ms)
  ✓  105 [webkit] › tests/browser/dice.spec.ts:171:1 › dragging the resolved rules does not discard (477ms)
  ✓  106 [webkit] › tests/browser/dice.spec.ts:192:1 › @release a second tap finishes the moving dice, then reveals the bold amount (2.8s)
  ✓  107 [webkit] › tests/browser/dice.spec.ts:246:1 › Escape finishes the throw and reveals without changing the saved faces (1.8s)
  -  108 [webkit] › tests/browser/dice.spec.ts:260:1 › offline dice roll and relaunch preserve result
  ✓  109 [webkit] › tests/browser/dice.spec.ts:291:1 › WebGL failure immediately reveals the saved result (550ms)
  ✓  110 [webkit] › tests/browser/dice.spec.ts:313:1 › a WebGL context lost before the roll is rebuilt and still thrown (2.9s)
  ✓  111 [webkit] › tests/browser/dice.spec.ts:334:1 › resize interruption settles without another roll (574ms)
  ✓  112 [webkit] › tests/browser/dice.spec.ts:347:1 › backgrounding stops animation and preserves the saved outcome (448ms)
  ✓  113 [webkit] › tests/browser/dice.spec.ts:368:1 › legacy cursed-number saves show the number in the rule without a Rolled heading (541ms)
  ✓  114 [webkit] › tests/browser/dice.spec.ts:400:1 › resolved 1d20 through 4d6 summaries fit a small phone with enlarged text (829ms)
  ✓  115 [webkit] › tests/browser/dice.spec.ts:464:5 › viewport 320 › four dice stay visible and retain faces at 320px (3.3s)
  ✓  116 [webkit] › tests/browser/dice.spec.ts:464:5 › viewport 768 › four dice stay visible and retain faces at 768px (4.8s)
  ✓  117 [webkit] › tests/browser/dice.spec.ts:464:5 › viewport 1280 › four dice stay visible and retain faces at 1280px (4.7s)
  ✓  118 [webkit] › tests/browser/dice.spec.ts:529:1 › a finish request during lazy loading survives startup without another roll (1.8s)
  ✓  119 [webkit] › tests/browser/dice.spec.ts:580:3 › choice card offers both options on the card at 390x844 @release (5.6s)
  ✓  120 [webkit] › tests/browser/dice.spec.ts:580:3 › choice card offers both options on the card at 375x548 @release (5.1s)
  ✓  121 [webkit] › tests/browser/game.spec.ts:39:1 › @release legacy finite game, rapid taps, restore, previous card, replay and settings (6.5s)
  ✓  122 [webkit] › tests/browser/game.spec.ts:100:1 › three lengths and the quest modes appear, and every pack can be toggled (1.4s)
  ✓  123 [webkit] › tests/browser/game.spec.ts:129:1 › Short and Infinite create the advertised limits (2.1s)
  ✓  124 [webkit] › tests/browser/game.spec.ts:156:1 › corrupt save recovery (396ms)
  ✓  125 [webkit] › tests/browser/game.spec.ts:166:1 › storage failure still allows play (1.5s)
  ✓  126 [webkit] › tests/browser/game.spec.ts:179:1 › portrait phone, iPad, and large text retain readable rules (8.2s)
  ✓  127 [webkit] › tests/browser/game.spec.ts:215:1 › reduced motion and keyboard play (429ms)
  -  128 [webkit] › tests/browser/game.spec.ts:234:1 › offline reload keeps the same revealed card
  ✓  129 [webkit] › tests/browser/game.spec.ts:266:1 › representative Core cards keep edge clearance and a 2:3 frame across device sizes (4.1s)
  ✓  130 [webkit] › tests/browser/game.spec.ts:356:1 › @release rules taps discard, while scrolling and cancelled gestures keep the card (782ms)
  ✓  131 [webkit] › tests/browser/game.spec.ts:452:1 › mode and add-ons persist while interruption restores a stable card (1.3s)
  ✓  132 [webkit] › tests/browser/game.spec.ts:490:1 › minimal interface and a real two-sided flip (2.1s)
  ✓  133 [webkit] › tests/browser/game.spec.ts:528:1 › legacy audio and atmosphere preferences are ignored and toggles are gone (1.3s)
  ✓  134 [webkit] › tests/browser/game.spec.ts:557:1 › canceled animations and backgrounding settle without additional draws (679ms)
  -  135 [webkit] › tests/browser/game.spec.ts:593:1 › offline uses local Grenze and painted controls
  ✓  136 [webkit] › tests/browser/game.spec.ts:627:1 › readable fallback when artwork fails and keyboard focus returns (2.3s)
  ✓  137 [webkit] › tests/browser/game.spec.ts:644:1 › a game saved before the rename to Side Quest resumes (453ms)
  ✓  138 [webkit] › tests/browser/layout.spec.ts:37:1 › @release Core instructions fit at 390x844 with ratio, pack mark and no CTA occlusion (644ms)
  ✓  139 [webkit] › tests/browser/layout.spec.ts:73:1 › card parchment stays plain without an icon lattice or tint (347ms)
  ✓  140 [webkit] › tests/browser/layout.spec.ts:84:1 › every pack seal stays inside the parchment at supported widths (2.2s)
  ✓  141 [webkit] › tests/browser/layout.spec.ts:139:1 › Previous Card owns the same 2:3 geometry as gameplay (805ms)
  ✘  142 [webkit] › tests/browser/layout.spec.ts:178:1 › @release the play screen fits a Safari tab at every phone height without scrolling (410ms)
Testing stopped early after 1 maximum allowed failures.


  1) [webkit] › tests/browser/layout.spec.ts:178:1 › @release the play screen fits a Safari tab at every phone height without scrolling

    Error: page.reload: Frame load interrupted
    Call log:
      - waiting for navigation until "load"


      32 |     { key, session },
      33 |   );
    > 34 |   await page.reload();
         |              ^
      35 |   await page.evaluate(() => document.fonts.ready);
      36 | }
      37 | test("@release Core instructions fit at 390x844 with ratio, pack mark and no CTA occlusion", async ({
        at seed (/Users/spencer/Documents/Dev/Side-Quest/tests/browser/layout.spec.ts:34:14)
        at /Users/spencer/Documents/Dev/Side-Quest/tests/browser/layout.spec.ts:181:3

    Error Context: test-results/game/layout--release-the-play-s-68230-ne-height-without-scrolling-webkit/error-context.md

    attachment #2: trace (application/zip) ─────────────────────────────────────────────────────────
    test-results/game/layout--release-the-play-s-68230-ne-height-without-scrolling-webkit/trace.zip
    Usage:

        npx playwright show-trace test-results/game/layout--release-the-play-s-68230-ne-height-without-scrolling-webkit/trace.zip

    ────────────────────────────────────────────────────────────────────────────────────────────────

  1 failed
    [webkit] › tests/browser/layout.spec.ts:178:1 › @release the play screen fits a Safari tab at every phone height without scrolling
  3 skipped
  40 did not run
  138 passed (4.6m)
  1 error was not a part of any test, see above for details
